  Determining projects to restore...
  All projects are up-to-date for restore.
  BusinessDirectory.Domain -> C:\Users\User\Desktop\Project\Life\Business_Directory\Core\bin\Debug\net10.0\BusinessDirectory.Domain.dll
  BusinessDirectory.Application -> C:\Users\User\Desktop\Project\Life\Business_Directory\Application\bin\Debug\net10.0\BusinessDirectory.Application.dll
C:\Users\User\Desktop\Project\Life\Business_Directory\Infrastructure\Services\AdminBusinessService.cs(23,21): error CS0266: Cannot implicitly convert type 'System.Linq.IQueryable<BusinessDirectory.Domain.Entities.Business>' to 'Microsoft.EntityFrameworkCore.Query.IIncludableQueryable<BusinessDirectory.Domain.Entities.Business, System.Collections.Generic.ICollection<BusinessDirectory.Domain.Entities.OpeningHour>>'. An explicit conversion exists (are you missing a cast?) [C:\Users\User\Desktop\Project\Life\Business_Directory\Infrastructure\BusinessDirectory.Infrastructure.csproj]

Build FAILED.

C:\Users\User\Desktop\Project\Life\Business_Directory\Infrastructure\Services\AdminBusinessService.cs(23,21): error CS0266: Cannot implicitly convert type 'System.Linq.IQueryable<BusinessDirectory.Domain.Entities.Business>' to 'Microsoft.EntityFrameworkCore.Query.IIncludableQueryable<BusinessDirectory.Domain.Entities.Business, System.Collections.Generic.ICollection<BusinessDirectory.Domain.Entities.OpeningHour>>'. An explicit conversion exists (are you missing a cast?) [C:\Users\User\Desktop\Project\Life\Business_Directory\Infrastructure\BusinessDirectory.Infrastructure.csproj]
    0 Warning(s)
    1 Error(s)

Time Elapsed 00:00:01.39
